// Jest Snapshot v1, https://goo.gl/fbAQLP

exports[`<HmHome /> Home 1`] = `
<View
  appearance="default"
  level="1"
  style={
    [
      {
        "backgroundColor": "#FFFFFF",
      },
      {
        "alignItems": "center",
        "flex": 1,
        "justifyContent": "center",
      },
    ]
  }
>
  <Text
    appearance="default"
    category="p1"
    status="basic"
    style={
      [
        {
          "color": "#222B45",
          "fontFamily": "System",
          "fontSize": 15,
          "fontWeight": "400",
        },
        {
          "fontFamily": "NeoSansProBold",
          "fontSize": 35,
          "marginTop": 20,
          "textTransform": "uppercase",
        },
      ]
    }
    testID="name"
  >
    Hongbo Miao
  </Text>
  <Text
    appearance="default"
    category="p1"
    status="basic"
    style={
      [
        {
          "color": "#222B45",
          "fontFamily": "System",
          "fontSize": 15,
          "fontWeight": "400",
        },
        {
          "fontFamily": "NeoSansProRegular",
          "fontSize": 20,
          "marginTop": 40,
        },
      ]
    }
    testID="bio"
  >
    Making magic happen
  </Text>
</View>
`;
