// Jest Snapshot v1, https://goo.gl/fbAQLP

exports[`Storyshots Footer default 1`] = `
<footer
  className="footer hm-footer"
>
  <div
    className="container hm-container"
  >
    <nav
      className="level"
    >
      <div
        className="level-left"
      >
        <div />
      </div>
      <div
        className="level-right"
      >
        <div
          className="level-item"
        >
          <a
            className="hm-copyright"
            href="https://github.com/hongbo-miao/hongbomiao.com"
            rel="noopener noreferrer"
            target="_blank"
          >
            © 2019 H.M.
          </a>
        </div>
      </div>
    </nav>
  </div>
</footer>
`;

exports[`Storyshots Home default 1`] = `
<div
  className="hm-home"
>
  <div
    className="container hm-container"
  >
    <h1
      className="title"
    >
      HONGBO MIAO
    </h1>
    <div
      className="hm-content"
    >
      <img
        alt="Magical Hat"
        className="hm-emoji"
        src="hat.png"
      />
      <div
        className="hm-text"
      >
        Making magic happen
      </div>
      <img
        alt="Magic"
        className="hm-emoji"
        src="magic.png"
      />
    </div>
  </div>
</div>
`;

exports[`Storyshots SocialList default 1`] = `
Array [
  <div
    className="level-item hm-social-item"
  >
    <a
      href="https://www.pinterest.com/hongbo_miao/"
      rel="noopener noreferrer"
      target="_blank"
    >
      <img
        alt="Pinterest"
        className="hm-logo"
        src="pinterest.svg"
      />
    </a>
  </div>,
  <div
    className="level-item hm-social-item"
  >
    <a
      href="https://github.com/hongbo-miao/"
      rel="noopener noreferrer"
      target="_blank"
    >
      <img
        alt="GitHub"
        className="hm-logo"
        src="github.svg"
      />
    </a>
  </div>,
  <div
    className="level-item hm-social-item"
  >
    <a
      href="https://twitter.com/hongbo_miao/"
      rel="noopener noreferrer"
      target="_blank"
    >
      <img
        alt="Twitter"
        className="hm-logo"
        src="twitter.svg"
      />
    </a>
  </div>,
  <div
    className="level-item hm-social-item"
  >
    <a
      href="https://www.linkedin.com/in/hongbomiao/"
      rel="noopener noreferrer"
      target="_blank"
    >
      <img
        alt="LinkedIn"
        className="hm-logo"
        src="linkedin.svg"
      />
    </a>
  </div>,
]
`;

exports[`Storyshots SocialList empty 1`] = `null`;
