// Jest Snapshot v1, https://goo.gl/fbAQLP

exports[`Storyshots SocialList default 1`] = `
Array [
  <div
    className="level-item hm-social-item"
  >
    <a
      href="https://www.pinterest.com/hongbo_miao/"
      rel="noopener noreferrer"
      target="_blank"
    >
      <img
        alt="Pinterest"
        className="hm-logo"
        src="pinterest.svg"
      />
    </a>
  </div>,
  <div
    className="level-item hm-social-item"
  >
    <a
      href="https://github.com/hongbo-miao/"
      rel="noopener noreferrer"
      target="_blank"
    >
      <img
        alt="GitHub"
        className="hm-logo"
        src="github.svg"
      />
    </a>
  </div>,
  <div
    className="level-item hm-social-item"
  >
    <a
      href="https://twitter.com/hongbo_miao/"
      rel="noopener noreferrer"
      target="_blank"
    >
      <img
        alt="Twitter"
        className="hm-logo"
        src="twitter.svg"
      />
    </a>
  </div>,
  <div
    className="level-item hm-social-item"
  >
    <a
      href="https://www.linkedin.com/in/hongbomiao/"
      rel="noopener noreferrer"
      target="_blank"
    >
      <img
        alt="LinkedIn"
        className="hm-logo"
        src="linkedin.svg"
      />
    </a>
  </div>,
]
`;

exports[`Storyshots SocialList empty 1`] = `null`;
